Archive member included to satisfy reference by file (symbol)

/opt/st/stm32cubeide_1.9.0/plugins/com.st.stm32cube.ide.mcu.externaltools.gnu-tools-for-stm32.10.3-2021.10.linux64_1.0.0.202111181127/tools/bin/../lib/gcc/arm-none-eabi/10.3.1/../../../../arm-none-eabi/lib/thumb/v7e-m+fp/hard/libc_nano.a(lib_a-errno.o)
                              ./Core/Src/syscalls.o (__errno)
/opt/st/stm32cubeide_1.9.0/plugins/com.st.stm32cube.ide.mcu.externaltools.gnu-tools-for-stm32.10.3-2021.10.linux64_1.0.0.202111181127/tools/bin/../lib/gcc/arm-none-eabi/10.3.1/../../../../arm-none-eabi/lib/thumb/v7e-m+fp/hard/libc_nano.a(lib_a-exit.o)
                              /opt/st/stm32cubeide_1.9.0/plugins/com.st.stm32cube.ide.mcu.externaltools.gnu-tools-for-stm32.10.3-2021.10.linux64_1.0.0.202111181127/tools/bin/../lib/gcc/arm-none-eabi/10.3.1/../../../../arm-none-eabi/lib/thumb/v7e-m+fp/hard/crt0.o (exit)
/opt/st/stm32cubeide_1.9.0/plugins/com.st.stm32cube.ide.mcu.externaltools.gnu-tools-for-stm32.10.3-2021.10.linux64_1.0.0.202111181127/tools/bin/../lib/gcc/arm-none-eabi/10.3.1/../../../../arm-none-eabi/lib/thumb/v7e-m+fp/hard/libc_nano.a(lib_a-impure.o)
                              /opt/st/stm32cubeide_1.9.0/plugins/com.st.stm32cube.ide.mcu.externaltools.gnu-tools-for-stm32.10.3-2021.10.linux64_1.0.0.202111181127/tools/bin/../lib/gcc/arm-none-eabi/10.3.1/../../../../arm-none-eabi/lib/thumb/v7e-m+fp/hard/libc_nano.a(lib_a-exit.o) (_global_impure_ptr)
/opt/st/stm32cubeide_1.9.0/plugins/com.st.stm32cube.ide.mcu.externaltools.gnu-tools-for-stm32.10.3-2021.10.linux64_1.0.0.202111181127/tools/bin/../lib/gcc/arm-none-eabi/10.3.1/../../../../arm-none-eabi/lib/thumb/v7e-m+fp/hard/libc_nano.a(lib_a-init.o)
                              /opt/st/stm32cubeide_1.9.0/plugins/com.st.stm32cube.ide.mcu.externaltools.gnu-tools-for-stm32.10.3-2021.10.linux64_1.0.0.202111181127/tools/bin/../lib/gcc/arm-none-eabi/10.3.1/../../../../arm-none-eabi/lib/thumb/v7e-m+fp/hard/crt0.o (__libc_init_array)
/opt/st/stm32cubeide_1.9.0/plugins/com.st.stm32cube.ide.mcu.externaltools.gnu-tools-for-stm32.10.3-2021.10.linux64_1.0.0.202111181127/tools/bin/../lib/gcc/arm-none-eabi/10.3.1/../../../../arm-none-eabi/lib/thumb/v7e-m+fp/hard/libc_nano.a(lib_a-memset.o)
                              /opt/st/stm32cubeide_1.9.0/plugins/com.st.stm32cube.ide.mcu.externaltools.gnu-tools-for-stm32.10.3-2021.10.linux64_1.0.0.202111181127/tools/bin/../lib/gcc/arm-none-eabi/10.3.1/../../../../arm-none-eabi/lib/thumb/v7e-m+fp/hard/crt0.o (memset)

Discarded input sections

 .text          0x0000000000000000        0x0 /opt/st/stm32cubeide_1.9.0/plugins/com.st.stm32cube.ide.mcu.externaltools.gnu-tools-for-stm32.10.3-2021.10.linux64_1.0.0.202111181127/tools/bin/../lib/gcc/arm-none-eabi/10.3.1/thumb/v7e-m+fp/hard/crti.o
 .data          0x0000000000000000        0x0 /opt/st/stm32cubeide_1.9.0/plugins/com.st.stm32cube.ide.mcu.externaltools.gnu-tools-for-stm32.10.3-2021.10.linux64_1.0.0.202111181127/tools/bin/../lib/gcc/arm-none-eabi/10.3.1/thumb/v7e-m+fp/hard/crti.o
 .bss           0x0000000000000000        0x0 /opt/st/stm32cubeide_1.9.0/plugins/com.st.stm32cube.ide.mcu.externaltools.gnu-tools-for-stm32.10.3-2021.10.linux64_1.0.0.202111181127/tools/bin/../lib/gcc/arm-none-eabi/10.3.1/thumb/v7e-m+fp/hard/crti.o
 .data          0x0000000000000000        0x4 /opt/st/stm32cubeide_1.9.0/plugins/com.st.stm32cube.ide.mcu.externaltools.gnu-tools-for-stm32.10.3-2021.10.linux64_1.0.0.202111181127/tools/bin/../lib/gcc/arm-none-eabi/10.3.1/thumb/v7e-m+fp/hard/crtbegin.o
 .rodata        0x0000000000000000       0x24 /opt/st/stm32cubeide_1.9.0/plugins/com.st.stm32cube.ide.mcu.externaltools.gnu-tools-for-stm32.10.3-2021.10.linux64_1.0.0.202111181127/tools/bin/../lib/gcc/arm-none-eabi/10.3.1/thumb/v7e-m+fp/hard/crtbegin.o
 .text          0x0000000000000000       0x7c /opt/st/stm32cubeide_1.9.0/plugins/com.st.stm32cube.ide.mcu.externaltools.gnu-tools-for-stm32.10.3-2021.10.linux64_1.0.0.202111181127/tools/bin/../lib/gcc/arm-none-eabi/10.3.1/../../../../arm-none-eabi/lib/thumb/v7e-m+fp/hard/crt0.o
 .data          0x0000000000000000        0x0 /opt/st/stm32cubeide_1.9.0/plugins/com.st.stm32cube.ide.mcu.externaltools.gnu-tools-for-stm32.10.3-2021.10.linux64_1.0.0.202111181127/tools/bin/../lib/gcc/arm-none-eabi/10.3.1/../../../../arm-none-eabi/lib/thumb/v7e-m+fp/hard/crt0.o
 .bss           0x0000000000000000        0x0 /opt/st/stm32cubeide_1.9.0/plugins/com.st.stm32cube.ide.mcu.externaltools.gnu-tools-for-stm32.10.3-2021.10.linux64_1.0.0.202111181127/tools/bin/../lib/gcc/arm-none-eabi/10.3.1/../../../../arm-none-eabi/lib/thumb/v7e-m+fp/hard/crt0.o
 .ARM.extab     0x0000000000000000        0x0 /opt/st/stm32cubeide_1.9.0/plugins/com.st.stm32cube.ide.mcu.externaltools.gnu-tools-for-stm32.10.3-2021.10.linux64_1.0.0.202111181127/tools/bin/../lib/gcc/arm-none-eabi/10.3.1/../../../../arm-none-eabi/lib/thumb/v7e-m+fp/hard/crt0.o
[...]
Memory Configuration

Name             Origin             Length             Attributes
CCMRAM           0x0000000010000000 0x0000000000002000 xrw
RAM              0x0000000020000000 0x0000000000008000 xrw
FLASH            0x0000000008000000 0x0000000000020000 xr
*default*        0x0000000000000000 0xffffffffffffffff

Linker script and memory map

LOAD /opt/st/stm32cubeide_1.9.0/plugins/com.st.stm32cube.ide.mcu.externaltools.gnu-tools-for-stm32.10.3-2021.10.linux64_1.0.0.202111181127/tools/bin/../lib/gcc/arm-none-eabi/10.3.1/thumb/v7e-m+fp/hard/crti.o
LOAD /opt/st/stm32cubeide_1.9.0/plugins/com.st.stm32cube.ide.mcu.externaltools.gnu-tools-for-stm32.10.3-2021.10.linux64_1.0.0.202111181127/tools/bin/../lib/gcc/arm-none-eabi/10.3.1/thumb/v7e-m+fp/hard/crtbegin.o
LOAD /opt/st/stm32cubeide_1.9.0/plugins/com.st.stm32cube.ide.mcu.externaltools.gnu-tools-for-stm32.10.3-2021.10.linux64_1.0.0.202111181127/tools/bin/../lib/gcc/arm-none-eabi/10.3.1/../../../../arm-none-eabi/lib/thumb/v7e-m+fp/hard/crt0.o
LOAD ./Core/Src/main.o
LOAD ./Core/Src/stm32f3xx_hal_msp.o
LOAD ./Core/Src/stm32f3xx_it.o
LOAD ./Core/Src/syscalls.o
LOAD ./Core/Src/sysmem.o
LOAD ./Core/Src/system_stm32f3xx.o
LOAD ./Core/Startup/startup_stm32f303rbtx.o
LOAD ./Drivers/STM32F3xx_HAL_Driver/Src/stm32f3xx_hal.o
LOAD ./Drivers/STM32F3xx_HAL_Driver/Src/stm32f3xx_hal_adc.o
LOAD ./Drivers/STM32F3xx_HAL_Driver/Src/stm32f3xx_hal_adc_ex.o
LOAD ./Drivers/STM32F3xx_HAL_Driver/Src/stm32f3xx_hal_can.o
LOAD ./Drivers/STM32F3xx_HAL_Driver/Src/stm32f3xx_hal_cortex.o
LOAD ./Drivers/STM32F3xx_HAL_Driver/Src/stm32f3xx_hal_dac.o
LOAD ./Drivers/STM32F3xx_HAL_Driver/Src/stm32f3xx_hal_dac_ex.o
LOAD ./Drivers/STM32F3xx_HAL_Driver/Src/stm32f3xx_hal_dma.o
LOAD ./Drivers/STM32F3xx_HAL_Driver/Src/stm32f3xx_hal_exti.o
LOAD ./Drivers/STM32F3xx_HAL_Driver/Src/stm32f3xx_hal_flash.o
LOAD ./Drivers/STM32F3xx_HAL_Driver/Src/stm32f3xx_hal_flash_ex.o
LOAD ./Drivers/STM32F3xx_HAL_Driver/Src/stm32f3xx_hal_gpio.o
LOAD ./Drivers/STM32F3xx_HAL_Driver/Src/stm32f3xx_hal_i2c.o
LOAD ./Drivers/STM32F3xx_HAL_Driver/Src/stm32f3xx_hal_i2c_ex.o
LOAD ./Drivers/STM32F3xx_HAL_Driver/Src/stm32f3xx_hal_pwr.o
LOAD ./Drivers/STM32F3xx_HAL_Driver/Src/stm32f3xx_hal_pwr_ex.o
LOAD ./Drivers/STM32F3xx_HAL_Driver/Src/stm32f3xx_hal_rcc.o
LOAD ./Drivers/STM32F3xx_HAL_Driver/Src/stm32f3xx_hal_rcc_ex.o
LOAD ./Drivers/STM32F3xx_HAL_Driver/Src/stm32f3xx_hal_tim.o
LOAD ./Drivers/STM32F3xx_HAL_Driver/Src/stm32f3xx_hal_tim_ex.o
START GROUP
LOAD /opt/st/stm32cubeide_1.9.0/plugins/com.st.stm32cube.ide.mcu.externaltools.gnu-tools-for-stm32.10.3-2021.10.linux64_1.0.0.202111181127/tools/bin/../lib/gcc/arm-none-eabi/10.3.1/../../../../arm-none-eabi/lib/thumb/v7e-m+fp/hard/libstdc++_nano.a
LOAD /opt/st/stm32cubeide_1.9.0/plugins/com.st.stm32cube.ide.mcu.externaltools.gnu-tools-for-stm32.10.3-2021.10.linux64_1.0.0.202111181127/tools/bin/../lib/gcc/arm-none-eabi/10.3.1/../../../../arm-none-eabi/lib/thumb/v7e-m+fp/hard/libsupc++_nano.a
END GROUP
LOAD /opt/st/stm32cubeide_1.9.0/plugins/com.st.stm32cube.ide.mcu.externaltools.gnu-tools-for-stm32.10.3-2021.10.linux64_1.0.0.202111181127/tools/bin/../lib/gcc/arm-none-eabi/10.3.1/../../../../arm-none-eabi/lib/thumb/v7e-m+fp/hard/libstdc++_nano.a
LOAD /opt/st/stm32cubeide_1.9.0/plugins/com.st.stm32cube.ide.mcu.externaltools.gnu-tools-for-stm32.10.3-2021.10.linux64_1.0.0.202111181127/tools/bin/../lib/gcc/arm-none-eabi/10.3.1/../../../../arm-none-eabi/lib/thumb/v7e-m+fp/hard/libm.a
LOAD /opt/st/stm32cubeide_1.9.0/plugins/com.st.stm32cube.ide.mcu.externaltools.gnu-tools-for-stm32.10.3-2021.10.linux64_1.0.0.202111181127/tools/bin/../lib/gcc/arm-none-eabi/10.3.1/../../../../arm-none-eabi/lib/thumb/v7e-m+fp/hard/libc_nano.a
START GROUP
LOAD /opt/st/stm32cubeide_1.9.0/plugins/com.st.stm32cube.ide.mcu.externaltools.gnu-tools-for-stm32.10.3-2021.10.linux64_1.0.0.202111181127/tools/bin/../lib/gcc/arm-none-eabi/10.3.1/thumb/v7e-m+fp/hard/libgcc.a
LOAD /opt/st/stm32cubeide_1.9.0/plugins/com.st.stm32cube.ide.mcu.externaltools.gnu-tools-for-stm32.10.3-2021.10.linux64_1.0.0.202111181127/tools/bin/../lib/gcc/arm-none-eabi/10.3.1/../../../../arm-none-eabi/lib/thumb/v7e-m+fp/hard/libc_nano.a
END GROUP
START GROUP
LOAD /opt/st/stm32cubeide_1.9.0/plugins/com.st.stm32cube.ide.mcu.externaltools.gnu-tools-for-stm32.10.3-2021.10.linux64_1.0.0.202111181127/tools/bin/../lib/gcc/arm-none-eabi/10.3.1/thumb/v7e-m+fp/hard/libgcc.a
LOAD /opt/st/stm32cubeide_1.9.0/plugins/com.st.stm32cube.ide.mcu.externaltools.gnu-tools-for-stm32.10.3-2021.10.linux64_1.0.0.202111181127/tools/bin/../lib/gcc/arm-none-eabi/10.3.1/../../../../arm-none-eabi/lib/thumb/v7e-m+fp/hard/libc_nano.a
LOAD /opt/st/stm32cubeide_1.9.0/plugins/com.st.stm32cube.ide.mcu.externaltools.gnu-tools-for-stm32.10.3-2021.10.linux64_1.0.0.202111181127/tools/bin/../lib/gcc/arm-none-eabi/10.3.1/../../../../arm-none-eabi/lib/thumb/v7e-m+fp/hard/libnosys.a
END GROUP
START GROUP
LOAD /opt/st/stm32cubeide_1.9.0/plugins/com.st.stm32cube.ide.mcu.externaltools.gnu-tools-for-stm32.10.3-2021.10.linux64_1.0.0.202111181127/tools/bin/../lib/gcc/arm-none-eabi/10.3.1/thumb/v7e-m+fp/hard/libgcc.a
LOAD /opt/st/stm32cubeide_1.9.0/plugins/com.st.stm32cube.ide.mcu.externaltools.gnu-tools-for-stm32.10.3-2021.10.linux64_1.0.0.202111181127/tools/bin/../lib/gcc/arm-none-eabi/10.3.1/../../../../arm-none-eabi/lib/thumb/v7e-m+fp/hard/libc_nano.a
LOAD /opt/st/stm32cubeide_1.9.0/plugins/com.st.stm32cube.ide.mcu.externaltools.gnu-tools-for-stm32.10.3-2021.10.linux64_1.0.0.202111181127/tools/bin/../lib/gcc/arm-none-eabi/10.3.1/../../../../arm-none-eabi/lib/thumb/v7e-m+fp/hard/libnosys.a
END GROUP
LOAD /opt/st/stm32cubeide_1.9.0/plugins/com.st.stm32cube.ide.mcu.externaltools.gnu-tools-for-stm32.10.3-2021.10.linux64_1.0.0.202111181127/tools/bin/../lib/gcc/arm-none-eabi/10.3.1/thumb/v7e-m+fp/hard/crtend.o
LOAD /opt/st/stm32cubeide_1.9.0/plugins/com.st.stm32cube.ide.mcu.externaltools.gnu-tools-for-stm32.10.3-2021.10.linux64_1.0.0.202111181127/tools/bin/../lib/gcc/arm-none-eabi/10.3.1/thumb/v7e-m+fp/hard/crtn.o
                0x0000000020008000                _estack = (ORIGIN (RAM) + LENGTH (RAM))
                0x0000000000000200                _Min_Heap_Size = 0x200
                0x0000000000000400                _Min_Stack_Size = 0x400

.isr_vector     0x0000000008000000      0x188
                0x0000000008000000                . = ALIGN (0x4)
 *(.isr_vector)
 .isr_vector    0x0000000008000000      0x188 ./Core/Startup/startup_stm32f303rbtx.o
                0x0000000008000000                g_pfnVectors
                0x0000000008000188                . = ALIGN (0x4)

.text           0x0000000008000188     0x4284
                0x0000000008000188                . = ALIGN (0x4)
 *(.text)
 .text          0x0000000008000188       0x40 /opt/st/stm32cubeide_1.9.0/plugins/com.st.stm32cube.ide.mcu.externaltools.gnu-tools-for-stm32.10.3-2021.10.linux64_1.0.0.202111181127/tools/bin/../lib/gcc/arm-none-eabi/10.3.1/thumb/v7e-m+fp/hard/crtbegin.o
 *(.text*)
 .text.crc_checksum
                0x00000000080001c8       0x74 ./Core/Src/main.o
                0x00000000080001c8                crc_checksum
 .text.main     0x000000000800023c      0x1ec ./Core/Src/main.o
                0x000000000800023c                main
 .text.SystemClock_Config
                0x0000000008000428       0x8a ./Core/Src/main.o
                0x0000000008000428                SystemClock_Config
 *fill*         0x00000000080004b2        0x2 
 .text.MX_ADC1_Init
                0x00000000080004b4       0xe0 ./Core/Src/main.o
 .text.MX_ADC2_Init
                0x0000000008000594       0xbc ./Core/Src/main.o
 .text.MX_CAN_Init
                0x0000000008000650       0xa8 ./Core/Src/main.o
 .text.MX_DAC_Init
                0x00000000080006f8       0x6c ./Core/Src/main.o
 .text.MX_GPIO_Init
                0x0000000008000764       0xcc ./Core/Src/main.o
 .text.sendCAN  0x0000000008000830       0x90 ./Core/Src/main.o
                0x0000000008000830                sendCAN
 .text.CAN_RX_Interrupt
                0x00000000080008c0      0x120 ./Core/Src/main.o
                0x00000000080008c0                CAN_RX_Interrupt
 .text.readCAN  0x00000000080009e0       0x38 ./Core/Src/main.o
                0x00000000080009e0                readCAN
 .text.Error_Handler
                0x0000000008000a18        0xa ./Core/Src/main.o
                0x0000000008000a18                Error_Handler
 *fill*         0x0000000008000a22        0x2 
 .text.HAL_MspInit
                0x0000000008000a24       0x48 ./Core/Src/stm32f3xx_hal_msp.o
                0x0000000008000a24                HAL_MspInit
 .text.HAL_ADC_MspInit
                0x0000000008000a6c       0xfc ./Core/Src/stm32f3xx_hal_msp.o
                0x0000000008000a6c                HAL_ADC_MspInit
 .text.HAL_CAN_MspInit
                0x0000000008000b68       0x88 ./Core/Src/stm32f3xx_hal_msp.o
                0x0000000008000b68                HAL_CAN_MspInit
 .text.HAL_DAC_MspInit
                0x0000000008000bf0       0x7c ./Core/Src/stm32f3xx_hal_msp.o
                0x0000000008000bf0                HAL_DAC_MspInit
 .text.NMI_Handler
                0x0000000008000c6c        0x6 ./Core/Src/stm32f3xx_it.o
                0x0000000008000c6c                NMI_Handler
 .text.HardFault_Handler
                0x0000000008000c72        0x6 ./Core/Src/stm32f3xx_it.o
                0x0000000008000c72                HardFault_Handler
 .text.MemManage_Handler
                0x0000000008000c78        0x6 ./Core/Src/stm32f3xx_it.o
                0x0000000008000c78                MemManage_Handler
 .text.BusFault_Handler
                0x0000000008000c7e        0x6 ./Core/Src/stm32f3xx_it.o
                0x0000000008000c7e                BusFault_Handler
 .text.UsageFault_Handler
                0x0000000008000c84        0x6 ./Core/Src/stm32f3xx_it.o
                0x0000000008000c84                UsageFault_Handler
 .text.SVC_Handler
                0x0000000008000c8a        0xe ./Core/Src/stm32f3xx_it.o
                0x0000000008000c8a                SVC_Handler
 .text.DebugMon_Handler
                0x0000000008000c98        0xe ./Core/Src/stm32f3xx_it.o
                0x0000000008000c98                DebugMon_Handler
 .text.PendSV_Handler
                0x0000000008000ca6        0xe ./Core/Src/stm32f3xx_it.o
                0x0000000008000ca6                PendSV_Handler
 .text.SysTick_Handler
                0x0000000008000cb4        0xc ./Core/Src/stm32f3xx_it.o
                0x0000000008000cb4                SysTick_Handler
 .text.SystemInit
                0x0000000008000cc0       0x24 ./Core/Src/system_stm32f3xx.o
                0x0000000008000cc0                SystemInit
 .text.Reset_Handler
                0x0000000008000ce4       0x50 ./Core/Startup/startup_stm32f303rbtx.o
                0x0000000008000ce4                Reset_Handler
 .text.Default_Handler
                0x0000000008000d34        0x2 ./Core/Startup/startup_stm32f303rbtx.o
                0x0000000008000d34                RTC_Alarm_IRQHandler
                0x0000000008000d34                TIM8_TRG_COM_IRQHandler
                0x0000000008000d34                TIM8_CC_IRQHandler
                0x0000000008000d34                TIM1_CC_IRQHandler
                0x0000000008000d34                USB_HP_IRQHandler
                0x0000000008000d34                PVD_IRQHandler
                0x0000000008000d34                TAMP_STAMP_IRQHandler
                0x0000000008000d34                EXTI3_IRQHandler
                0x0000000008000d34                USB_HP_CAN_TX_IRQHandler
                0x0000000008000d34                EXTI0_IRQHandler
                0x0000000008000d34                I2C2_EV_IRQHandler
                0x0000000008000d34                FPU_IRQHandler
                0x0000000008000d34                TIM1_UP_TIM16_IRQHandler
                0x0000000008000d34                ADC1_2_IRQHandler
                0x0000000008000d34                SPI1_IRQHandler
                0x0000000008000d34                CAN_SCE_IRQHandler
                0x0000000008000d34                TIM6_DAC_IRQHandler
                0x0000000008000d34                TIM8_UP_IRQHandler
                0x0000000008000d34                DMA2_Channel2_IRQHandler
                0x0000000008000d34                DMA1_Channel4_IRQHandler
                0x0000000008000d34                USART3_IRQHandler
                0x0000000008000d34                DMA1_Channel7_IRQHandler
                0x0000000008000d34                UART5_IRQHandler
                0x0000000008000d34                ADC3_IRQHandler
                0x0000000008000d34                TIM4_IRQHandler
                0x0000000008000d34                CAN_RX1_IRQHandler
                0x0000000008000d34                DMA2_Channel1_IRQHandler
                0x0000000008000d34                I2C1_EV_IRQHandler
                0x0000000008000d34                DMA1_Channel6_IRQHandler
                0x0000000008000d34                UART4_IRQHandler
                0x0000000008000d34                DMA2_Channel4_IRQHandler
                0x0000000008000d34                TIM3_IRQHandler
                0x0000000008000d34                RCC_IRQHandler
                0x0000000008000d34                DMA1_Channel1_IRQHandler
                0x0000000008000d34                Default_Handler
                0x0000000008000d34                USBWakeUp_RMP_IRQHandler
                0x0000000008000d34                EXTI15_10_IRQHandler
                0x0000000008000d34                TIM7_IRQHandler
                0x0000000008000d34                EXTI9_5_IRQHandler
                0x0000000008000d34                RTC_WKUP_IRQHandler
                0x0000000008000d34                SPI2_IRQHandler
                0x0000000008000d34                USB_LP_CAN_RX0_IRQHandler
                0x0000000008000d34                DMA2_Channel5_IRQHandler
                0x0000000008000d34                DMA1_Channel5_IRQHandler
                0x0000000008000d34                USB_LP_IRQHandler
                0x0000000008000d34                EXTI4_IRQHandler
                0x0000000008000d34                TIM1_TRG_COM_TIM17_IRQHandler
                0x0000000008000d34                DMA1_Channel3_IRQHandler
                0x0000000008000d34                ADC4_IRQHandler
                0x0000000008000d34                WWDG_IRQHandler
                0x0000000008000d34                TIM2_IRQHandler
                0x0000000008000d34                COMP7_IRQHandler
                0x0000000008000d34                COMP1_2_3_IRQHandler
                0x0000000008000d34                EXTI1_IRQHandler
                0x0000000008000d34                USART2_IRQHandler
                0x0000000008000d34                COMP4_5_6_IRQHandler
                0x0000000008000d34                I2C2_ER_IRQHandler
                0x0000000008000d34                DMA1_Channel2_IRQHandler
                0x0000000008000d34                TIM8_BRK_IRQHandler
                0x0000000008000d34                FLASH_IRQHandler
                0x0000000008000d34                USART1_IRQHandler
                0x0000000008000d34                SPI3_IRQHandler
                0x0000000008000d34                I2C1_ER_IRQHandler
                0x0000000008000d34                USBWakeUp_IRQHandler
                0x0000000008000d34                DMA2_Channel3_IRQHandler
                0x0000000008000d34                EXTI2_TSC_IRQHandler
                0x0000000008000d34                TIM1_BRK_TIM15_IRQHandler
 *fill*         0x0000000008000d36        0x2 
 .text.HAL_Init
                0x0000000008000d38       0x2c ./Drivers/STM32F3xx_HAL_Driver/Src/stm32f3xx_hal.o
                0x0000000008000d38                HAL_Init
 .text.HAL_InitTick
                0x0000000008000d64       0x60 ./Drivers/STM32F3xx_HAL_Driver/Src/stm32f3xx_hal.o
                0x0000000008000d64                HAL_InitTick
 .text.HAL_IncTick
                0x0000000008000dc4       0x28 ./Drivers/STM32F3xx_HAL_Driver/Src/stm32f3xx_hal.o
                0x0000000008000dc4                HAL_IncTick
 .text.HAL_GetTick
                0x0000000008000dec       0x18 ./Drivers/STM32F3xx_HAL_Driver/Src/stm32f3xx_hal.o
                0x0000000008000dec                HAL_GetTick
 .text.HAL_ADC_Init
                0x0000000008000e04      0x3c0 ./Drivers/STM32F3xx_HAL_Driver/Src/stm32f3xx_hal_adc_ex.o
                0x0000000008000e04                HAL_ADC_Init
 .text.HAL_ADC_Start
                0x00000000080011c4      0x22c ./Drivers/STM32F3xx_HAL_Driver/Src/stm32f3xx_hal_adc_ex.o
                0x00000000080011c4                HAL_ADC_Start
 .text.HAL_ADC_PollForConversion
                0x00000000080013f0      0x204 ./Drivers/STM32F3xx_HAL_Driver/Src/stm32f3xx_hal_adc_ex.o
                0x00000000080013f0                HAL_ADC_PollForConversion
 .text.HAL_ADC_GetValue
                0x00000000080015f4       0x1a ./Drivers/STM32F3xx_HAL_Driver/Src/stm32f3xx_hal_adc_ex.o
                0x00000000080015f4                HAL_ADC_GetValue
 *fill*         0x000000000800160e        0x2 
 .text.HAL_ADC_ConfigChannel
                0x0000000008001610      0x5d8 ./Drivers/STM32F3xx_HAL_Driver/Src/stm32f3xx_hal_adc_ex.o
                0x0000000008001610                HAL_ADC_ConfigChannel
 .text.HAL_ADCEx_MultiModeConfigChannel
                0x0000000008001be8      0x1e4 ./Drivers/STM32F3xx_HAL_Driver/Src/stm32f3xx_hal_adc_ex.o
                0x0000000008001be8                HAL_ADCEx_MultiModeConfigChannel
 .text.ADC_Enable
                0x0000000008001dcc       0xc8 ./Drivers/STM32F3xx_HAL_Driver/Src/stm32f3xx_hal_adc_ex.o
 .text.ADC_Disable
                0x0000000008001e94       0xcc ./Drivers/STM32F3xx_HAL_Driver/Src/stm32f3xx_hal_adc_ex.o
 .text.HAL_CAN_Init
                0x0000000008001f60      0x1f6 ./Drivers/STM32F3xx_HAL_Driver/Src/stm32f3xx_hal_can.o
                0x0000000008001f60                HAL_CAN_Init
 .text.HAL_CAN_ConfigFilter
                0x0000000008002156      0x194 ./Drivers/STM32F3xx_HAL_Driver/Src/stm32f3xx_hal_can.o
                0x0000000008002156                HAL_CAN_ConfigFilter
 .text.HAL_CAN_Start
                0x00000000080022ea       0x88 ./Drivers/STM32F3xx_HAL_Driver/Src/stm32f3xx_hal_can.o
                0x00000000080022ea                HAL_CAN_Start
 .text.HAL_CAN_AddTxMessage
                0x0000000008002372      0x1b6 ./Drivers/STM32F3xx_HAL_Driver/Src/stm32f3xx_hal_can.o
                0x0000000008002372                HAL_CAN_AddTxMessage
 .text.HAL_CAN_GetTxMailboxesFreeLevel
                0x0000000008002528       0x6a ./Drivers/STM32F3xx_HAL_Driver/Src/stm32f3xx_hal_can.o
                0x0000000008002528                HAL_CAN_GetTxMailboxesFreeLevel
 .text.HAL_CAN_IsTxMessagePending
                0x0000000008002592       0x48 ./Drivers/STM32F3xx_HAL_Driver/Src/stm32f3xx_hal_can.o
                0x0000000008002592                HAL_CAN_IsTxMessagePending
 .text.HAL_CAN_GetRxMessage
                0x00000000080025da      0x224 ./Drivers/STM32F3xx_HAL_Driver/Src/stm32f3xx_hal_can.o
                0x00000000080025da                HAL_CAN_GetRxMessage
 .text.HAL_CAN_GetRxFifoFillLevel
                0x00000000080027fe       0x50 ./Drivers/STM32F3xx_HAL_Driver/Src/stm32f3xx_hal_can.o
                0x00000000080027fe                HAL_CAN_GetRxFifoFillLevel
 .text.HAL_CAN_ActivateNotification
                0x000000000800284e       0x4c ./Drivers/STM32F3xx_HAL_Driver/Src/stm32f3xx_hal_can.o
                0x000000000800284e                HAL_CAN_ActivateNotification
 *fill*         0x000000000800289a        0x2 
 .text.__NVIC_SetPriorityGrouping
                0x000000000800289c       0x48 ./Drivers/STM32F3xx_HAL_Driver/Src/stm32f3xx_hal_cortex.o
 .text.__NVIC_GetPriorityGrouping
                0x00000000080028e4       0x1c ./Drivers/STM32F3xx_HAL_Driver/Src/stm32f3xx_hal_cortex.o
 .text.__NVIC_SetPriority
                0x0000000008002900       0x54 ./Drivers/STM32F3xx_HAL_Driver/Src/stm32f3xx_hal_cortex.o
 .text.NVIC_EncodePriority
                0x0000000008002954       0x66 ./Drivers/STM32F3xx_HAL_Driver/Src/stm32f3xx_hal_cortex.o
 *fill*         0x00000000080029ba        0x2 
 .text.SysTick_Config
                0x00000000080029bc       0x44 ./Drivers/STM32F3xx_HAL_Driver/Src/stm32f3xx_hal_cortex.o
 .text.HAL_NVIC_SetPriorityGrouping
                0x0000000008002a00       0x16 ./Drivers/STM32F3xx_HAL_Driver/Src/stm32f3xx_hal_cortex.o
                0x0000000008002a00                HAL_NVIC_SetPriorityGrouping
 .text.HAL_NVIC_SetPriority
                0x0000000008002a16       0x38 ./Drivers/STM32F3xx_HAL_Driver/Src/stm32f3xx_hal_cortex.o
                0x0000000008002a16                HAL_NVIC_SetPriority
 .text.HAL_SYSTICK_Config
                0x0000000008002a4e       0x18 ./Drivers/STM32F3xx_HAL_Driver/Src/stm32f3xx_hal_cortex.o
                0x0000000008002a4e                HAL_SYSTICK_Config
 .text.HAL_DAC_Init
                0x0000000008002a66       0x44 ./Drivers/STM32F3xx_HAL_Driver/Src/stm32f3xx_hal_dac.o
                0x0000000008002a66                HAL_DAC_Init
 .text.HAL_DAC_SetValue
                0x0000000008002aaa       0x4a ./Drivers/STM32F3xx_HAL_Driver/Src/stm32f3xx_hal_dac_ex.o
                0x0000000008002aaa                HAL_DAC_SetValue
 .text.HAL_DAC_Start
                0x0000000008002af4       0x96 ./Drivers/STM32F3xx_HAL_Driver/Src/stm32f3xx_hal_dac_ex.o
                0x0000000008002af4                HAL_DAC_Start
 .text.HAL_DAC_ConfigChannel
                0x0000000008002b8a       0x9a ./Drivers/STM32F3xx_HAL_Driver/Src/stm32f3xx_hal_dac_ex.o
                0x0000000008002b8a                HAL_DAC_ConfigChannel
 .text.HAL_GPIO_Init
                0x0000000008002c24      0x2f4 ./Drivers/STM32F3xx_HAL_Driver/Src/stm32f3xx_hal_gpio.o
                0x0000000008002c24                HAL_GPIO_Init
 .text.HAL_GPIO_WritePin
                0x0000000008002f18       0x30 ./Drivers/STM32F3xx_HAL_Driver/Src/stm32f3xx_hal_gpio.o
                0x0000000008002f18                HAL_GPIO_WritePin
 .text.HAL_RCC_OscConfig
                0x0000000008002f48     0x1084 ./Drivers/STM32F3xx_HAL_Driver/Src/stm32f3xx_hal_rcc.o
                0x0000000008002f48                HAL_RCC_OscConfig
 .text.HAL_RCC_ClockConfig
                0x0000000008003fcc      0x2f8 ./Drivers/STM32F3xx_HAL_Driver/Src/stm32f3xx_hal_rcc.o
                0x0000000008003fcc                HAL_RCC_ClockConfig
 .text.HAL_RCC_GetSysClockFreq
                0x00000000080042c4       0xd8 ./Drivers/STM32F3xx_HAL_Driver/Src/stm32f3xx_hal_rcc.o
                0x00000000080042c4                HAL_RCC_GetSysClockFreq
 .text.__libc_init_array
                0x000000000800439c       0x48 /opt/st/stm32cubeide_1.9.0/plugins/com.st.stm32cube.ide.mcu.externaltools.gnu-tools-for-stm32.10.3-2021.10.linux64_1.0.0.202111181127/tools/bin/../lib/gcc/arm-none-eabi/10.3.1/../../../../arm-none-eabi/lib/thumb/v7e-m+fp/hard/libc_nano.a(lib_a-init.o)
                0x000000000800439c                __libc_init_array
 .text.memset   0x00000000080043e4       0x10 /opt/st/stm32cubeide_1.9.0/plugins/com.st.stm32cube.ide.mcu.externaltools.gnu-tools-for-stm32.10.3-2021.10.linux64_1.0.0.202111181127/tools/bin/../lib/gcc/arm-none-eabi/10.3.1/../../../../arm-none-eabi/lib/thumb/v7e-m+fp/hard/libc_nano.a(lib_a-memset.o)
                0x00000000080043e4                memset
 *(.glue_7)
 .glue_7        0x00000000080043f4        0x0 linker stubs
 *(.glue_7t)
 .glue_7t       0x00000000080043f4        0x0 linker stubs
 *(.eh_frame)
 .eh_frame      0x00000000080043f4        0x0 /opt/st/stm32cubeide_1.9.0/plugins/com.st.stm32cube.ide.mcu.externaltools.gnu-tools-for-stm32.10.3-2021.10.linux64_1.0.0.202111181127/tools/bin/../lib/gcc/arm-none-eabi/10.3.1/thumb/v7e-m+fp/hard/crtbegin.o
 *(.init)
 .init          0x00000000080043f4        0x4 /opt/st/stm32cubeide_1.9.0/plugins/com.st.stm32cube.ide.mcu.externaltools.gnu-tools-for-stm32.10.3-2021.10.linux64_1.0.0.202111181127/tools/bin/../lib/gcc/arm-none-eabi/10.3.1/thumb/v7e-m+fp/hard/crti.o
                0x00000000080043f4                _init
 .init          0x00000000080043f8        0x8 /opt/st/stm32cubeide_1.9.0/plugins/com.st.stm32cube.ide.mcu.externaltools.gnu-tools-for-stm32.10.3-2021.10.linux64_1.0.0.202111181127/tools/bin/../lib/gcc/arm-none-eabi/10.3.1/thumb/v7e-m+fp/hard/crtn.o
 *(.fini)
 .fini          0x0000000008004400        0x4 /opt/st/stm32cubeide_1.9.0/plugins/com.st.stm32cube.ide.mcu.externaltools.gnu-tools-for-stm32.10.3-2021.10.linux64_1.0.0.202111181127/tools/bin/../lib/gcc/arm-none-eabi/10.3.1/thumb/v7e-m+fp/hard/crti.o
                0x0000000008004400                _fini
 .fini          0x0000000008004404        0x8 /opt/st/stm32cubeide_1.9.0/plugins/com.st.stm32cube.ide.mcu.externaltools.gnu-tools-for-stm32.10.3-2021.10.linux64_1.0.0.202111181127/tools/bin/../lib/gcc/arm-none-eabi/10.3.1/thumb/v7e-m+fp/hard/crtn.o
                0x000000000800440c                . = ALIGN (0x4)
                0x000000000800440c                _etext = .

.vfp11_veneer   0x000000000800440c        0x0
 .vfp11_veneer  0x000000000800440c        0x0 linker stubs

.v4_bx          0x000000000800440c        0x0
 .v4_bx         0x000000000800440c        0x0 linker stubs

.iplt           0x000000000800440c        0x0
 .iplt          0x000000000800440c        0x0 /opt/st/stm32cubeide_1.9.0/plugins/com.st.stm32cube.ide.mcu.externaltools.gnu-tools-for-stm32.10.3-2021.10.linux64_1.0.0.202111181127/tools/bin/../lib/gcc/arm-none-eabi/10.3.1/thumb/v7e-m+fp/hard/crtbegin.o

.rodata         0x000000000800440c       0x30
                0x000000000800440c                . = ALIGN (0x4)
 *(.rodata)
 *(.rodata*)
 .rodata.AHBPrescTable
                0x000000000800440c       0x10 ./Core/Src/system_stm32f3xx.o
                0x000000000800440c                AHBPrescTable
 .rodata.aPLLMULFactorTable
                0x000000000800441c       0x10 ./Drivers/STM32F3xx_HAL_Driver/Src/stm32f3xx_hal_rcc.o
                0x000000000800441c                aPLLMULFactorTable
 .rodata.aPredivFactorTable
                0x000000000800442c       0x10 ./Drivers/STM32F3xx_HAL_Driver/Src/stm32f3xx_hal_rcc.o
                0x000000000800442c                aPredivFactorTable
                0x000000000800443c                . = ALIGN (0x4)

.rel.dyn        0x000000000800443c        0x0
 .rel.iplt      0x000000000800443c        0x0 /opt/st/stm32cubeide_1.9.0/plugins/com.st.stm32cube.ide.mcu.externaltools.gnu-tools-for-stm32.10.3-2021.10.linux64_1.0.0.202111181127/tools/bin/../lib/gcc/arm-none-eabi/10.3.1/thumb/v7e-m+fp/hard/crtbegin.o

.ARM.extab      0x000000000800443c        0x0
                0x000000000800443c                . = ALIGN (0x4)
 *(.ARM.extab* .gnu.linkonce.armextab.*)
                0x000000000800443c                . = ALIGN (0x4)

.ARM            0x000000000800443c        0x0
                0x000000000800443c                . = ALIGN (0x4)
                0x000000000800443c                __exidx_start = .
 *(.ARM.exidx*)
                0x000000000800443c                __exidx_end = .
                0x000000000800443c                . = ALIGN (0x4)

.preinit_array  0x000000000800443c        0x0
                0x000000000800443c                . = ALIGN (0x4)
                0x000000000800443c                PROVIDE (__preinit_array_start = .)
 *(.preinit_array*)
                0x000000000800443c                PROVIDE (__preinit_array_end = .)
                0x000000000800443c                . = ALIGN (0x4)

.init_array     0x000000000800443c        0x4
                0x000000000800443c                . = ALIGN (0x4)
                0x000000000800443c                PROVIDE (__init_array_start = .)
 *(SORT_BY_NAME(.init_array.*))
 *(.init_array*)
 .init_array    0x000000000800443c        0x4 /opt/st/stm32cubeide_1.9.0/plugins/com.st.stm32cube.ide.mcu.externaltools.gnu-tools-for-stm32.10.3-2021.10.linux64_1.0.0.202111181127/tools/bin/../lib/gcc/arm-none-eabi/10.3.1/thumb/v7e-m+fp/hard/crtbegin.o
                0x0000000008004440                PROVIDE (__init_array_end = .)
                0x0000000008004440                . = ALIGN (0x4)

.fini_array     0x0000000008004440        0x4
                0x0000000008004440                . = ALIGN (0x4)
                [!provide]                        PROVIDE (__fini_array_start = .)
 *(SORT_BY_NAME(.fini_array.*))
 *(.fini_array*)
 .fini_array    0x0000000008004440        0x4 /opt/st/stm32cubeide_1.9.0/plugins/com.st.stm32cube.ide.mcu.externaltools.gnu-tools-for-stm32.10.3-2021.10.linux64_1.0.0.202111181127/tools/bin/../lib/gcc/arm-none-eabi/10.3.1/thumb/v7e-m+fp/hard/crtbegin.o
                [!provide]                        PROVIDE (__fini_array_end = .)
                0x0000000008004444                . = ALIGN (0x4)
                0x0000000008004444                _sidata = LOADADDR (.data)

.data           0x0000000020000000       0x10 load address 0x0000000008004444
                0x0000000020000000                . = ALIGN (0x4)
                0x0000000020000000                _sdata = .
 *(.data)
 *(.data*)
 .data.state    0x0000000020000000        0x1 ./Core/Src/main.o
                0x0000000020000000                state
 *fill*         0x0000000020000001        0x3 
 .data.SystemCoreClock
                0x0000000020000004        0x4 ./Core/Src/system_stm32f3xx.o
                0x0000000020000004                SystemCoreClock
 .data.uwTickPrio
                0x0000000020000008        0x4 ./Drivers/STM32F3xx_HAL_Driver/Src/stm32f3xx_hal.o
                0x0000000020000008                uwTickPrio
 .data.uwTickFreq
                0x000000002000000c        0x1 ./Drivers/STM32F3xx_HAL_Driver/Src/stm32f3xx_hal.o
                0x000000002000000c                uwTickFreq
 *(.RamFunc)
 *(.RamFunc*)
                0x0000000020000010                . = ALIGN (0x4)
 *fill*         0x000000002000000d        0x3 
                0x0000000020000010                _edata = .
                0x0000000008004454                _siccmram = LOADADDR (.ccmram)

.igot.plt       0x0000000020000010        0x0 load address 0x0000000008004454
 .igot.plt      0x0000000020000010        0x0 /opt/st/stm32cubeide_1.9.0/plugins/com.st.stm32cube.ide.mcu.externaltools.gnu-tools-for-stm32.10.3-2021.10.linux64_1.0.0.202111181127/tools/bin/../lib/gcc/arm-none-eabi/10.3.1/thumb/v7e-m+fp/hard/crtbegin.o

.ccmram         0x0000000010000000        0x0 load address 0x0000000008004454
                0x0000000010000000                . = ALIGN (0x4)
                0x0000000010000000                _sccmram = .
 *(.ccmram)
 *(.ccmram*)
                0x0000000010000000                . = ALIGN (0x4)
                0x0000000010000000                _eccmram = .
                0x0000000010000000                . = ALIGN (0x4)

.bss            0x0000000020000010      0x148
                0x0000000020000010                _sbss = .
                0x0000000020000010                __bss_start__ = _sbss
 *(.bss)
 .bss           0x0000000020000010       0x1c /opt/st/stm32cubeide_1.9.0/plugins/com.st.stm32cube.ide.mcu.externaltools.gnu-tools-for-stm32.10.3-2021.10.linux64_1.0.0.202111181127/tools/bin/../lib/gcc/arm-none-eabi/10.3.1/thumb/v7e-m+fp/hard/crtbegin.o
 *(.bss*)
 .bss.hadc1     0x000000002000002c       0x50 ./Core/Src/main.o
                0x000000002000002c                hadc1
 .bss.hadc2     0x000000002000007c       0x50 ./Core/Src/main.o
                0x000000002000007c                hadc2
 .bss.hcan      0x00000000200000cc       0x28 ./Core/Src/main.o
                0x00000000200000cc                hcan
 .bss.hdac      0x00000000200000f4       0x14 ./Core/Src/main.o
                0x00000000200000f4                hdac
 .bss.txMailbox
                0x0000000020000108        0x4 ./Core/Src/main.o
                0x0000000020000108                txMailbox
 .bss.canfil    0x000000002000010c       0x28 ./Core/Src/main.o
                0x000000002000010c                canfil
 .bss.gas_set_0
                0x0000000020000134        0x2 ./Core/Src/main.o
                0x0000000020000134                gas_set_0
 .bss.gas_set_1
                0x0000000020000136        0x2 ./Core/Src/main.o
                0x0000000020000136                gas_set_1
 .bss.timeout   0x0000000020000138        0x4 ./Core/Src/main.o
                0x0000000020000138                timeout
 .bss.current_index
                0x000000002000013c        0x4 ./Core/Src/main.o
                0x000000002000013c                current_index
 .bss.pdl0      0x0000000020000140        0x4 ./Core/Src/main.o
                0x0000000020000140                pdl0
 .bss.pdl1      0x0000000020000144        0x4 ./Core/Src/main.o
                0x0000000020000144                pdl1
 .bss.pkt_idx   0x0000000020000148        0x4 ./Core/Src/main.o
                0x0000000020000148                pkt_idx
 .bss.last_tick
                0x000000002000014c        0x4 ./Core/Src/main.o
                0x000000002000014c                last_tick
 .bss.HAL_RCC_ADC12_CLK_ENABLED
                0x0000000020000150        0x4 ./Core/Src/stm32f3xx_hal_msp.o
 .bss.uwTick    0x0000000020000154        0x4 ./Drivers/STM32F3xx_HAL_Driver/Src/stm32f3xx_hal.o
                0x0000000020000154                uwTick
 *(COMMON)
                0x0000000020000158                . = ALIGN (0x4)
                0x0000000020000158                _ebss = .
                0x0000000020000158                __bss_end__ = _ebss

._user_heap_stack
                0x0000000020000158      0x600
                0x0000000020000158                . = ALIGN (0x8)
                [!provide]                        PROVIDE (end = .)
                0x0000000020000158                PROVIDE (_end = .)
                0x0000000020000358                . = (. + _Min_Heap_Size)
 *fill*         0x0000000020000158      0x200 
                0x0000000020000758                . = (. + _Min_Stack_Size)
 *fill*         0x0000000020000358      0x400 
                0x0000000020000758                . = ALIGN (0x8)

/DISCARD/
 libc.a(*)
 libm.a(*)
 libgcc.a(*)

.ARM.attributes
                0x0000000000000000       0x30
 *(.ARM.attributes)
 .ARM.attributes
                0x0000000000000000       0x1e /opt/st/stm32cubeide_1.9.0/plugins/com.st.stm32cube.ide.mcu.externaltools.gnu-tools-for-stm32.10.3-2021.10.linux64_1.0.0.202111181127/tools/bin/../lib/gcc/arm-none-eabi/10.3.1/thumb/v7e-m+fp/hard/crti.o
 .ARM.attributes
                0x000000000000001e       0x34 /opt/st/stm32cubeide_1.9.0/plugins/com.st.stm32cube.ide.mcu.externaltools.gnu-tools-for-stm32.10.3-2021.10.linux64_1.0.0.202111181127/tools/bin/../lib/gcc/arm-none-eabi/10.3.1/thumb/v7e-m+fp/hard/crtbegin.o
 .ARM.attributes
                0x0000000000000052       0x34 ./Core/Src/main.o
 .ARM.attributes
                0x0000000000000086       0x34 ./Core/Src/stm32f3xx_hal_msp.o
 .ARM.attributes
                0x00000000000000ba       0x34 ./Core/Src/stm32f3xx_it.o
 .ARM.attributes
                0x00000000000000ee       0x34 ./Core/Src/system_stm32f3xx.o
 .ARM.attributes
                0x0000000000000122       0x21 ./Core/Startup/startup_stm32f303rbtx.o
 .ARM.attributes
                0x0000000000000143       0x34 ./Drivers/STM32F3xx_HAL_Driver/Src/stm32f3xx_hal.o
 .ARM.attributes
                0x0000000000000177       0x34 ./Drivers/STM32F3xx_HAL_Driver/Src/stm32f3xx_hal_adc_ex.o
 .ARM.attributes
                0x00000000000001ab       0x34 ./Drivers/STM32F3xx_HAL_Driver/Src/stm32f3xx_hal_can.o
 .ARM.attributes
                0x00000000000001df       0x34 ./Drivers/STM32F3xx_HAL_Driver/Src/stm32f3xx_hal_cortex.o
 .ARM.attributes
                0x0000000000000213       0x34 ./Drivers/STM32F3xx_HAL_Driver/Src/stm32f3xx_hal_dac.o
 .ARM.attributes
                0x0000000000000247       0x34 ./Drivers/STM32F3xx_HAL_Driver/Src/stm32f3xx_hal_dac_ex.o
 .ARM.attributes
                0x000000000000027b       0x34 ./Drivers/STM32F3xx_HAL_Driver/Src/stm32f3xx_hal_gpio.o
 .ARM.attributes
                0x00000000000002af       0x34 ./Drivers/STM32F3xx_HAL_Driver/Src/stm32f3xx_hal_rcc.o
 .ARM.attributes
                0x00000000000002e3       0x34 /opt/st/stm32cubeide_1.9.0/plugins/com.st.stm32cube.ide.mcu.externaltools.gnu-tools-for-stm32.10.3-2021.10.linux64_1.0.0.202111181127/tools/bin/../lib/gcc/arm-none-eabi/10.3.1/../../../../arm-none-eabi/lib/thumb/v7e-m+fp/hard/libc_nano.a(lib_a-init.o)
 .ARM.attributes
                0x0000000000000317       0x34 /opt/st/stm32cubeide_1.9.0/plugins/com.st.stm32cube.ide.mcu.externaltools.gnu-tools-for-stm32.10.3-2021.10.linux64_1.0.0.202111181127/tools/bin/../lib/gcc/arm-none-eabi/10.3.1/../../../../arm-none-eabi/lib/thumb/v7e-m+fp/hard/libc_nano.a(lib_a-memset.o)
 .ARM.attributes
                0x000000000000034b       0x1e /opt/st/stm32cubeide_1.9.0/plugins/com.st.stm32cube.ide.mcu.externaltools.gnu-tools-for-stm32.10.3-2021.10.linux64_1.0.0.202111181127/tools/bin/../lib/gcc/arm-none-eabi/10.3.1/thumb/v7e-m+fp/hard/crtn.o
OUTPUT(micro_pedal.elf elf32-littlearm)
LOAD linker stubs
LOAD /opt/st/stm32cubeide_1.9.0/plugins/com.st.stm32cube.ide.mcu.externaltools.gnu-tools-for-stm32.10.3-2021.10.linux64_1.0.0.202111181127/tools/bin/../lib/gcc/arm-none-eabi/10.3.1/../../../../arm-none-eabi/lib/thumb/v7e-m+fp/hard/libc.a
LOAD /opt/st/stm32cubeide_1.9.0/plugins/com.st.stm32cube.ide.mcu.externaltools.gnu-tools-for-stm32.10.3-2021.10.linux64_1.0.0.202111181127/tools/bin/../lib/gcc/arm-none-eabi/10.3.1/../../../../arm-none-eabi/lib/thumb/v7e-m+fp/hard/libm.a
LOAD /opt/st/stm32cubeide_1.9.0/plugins/com.st.stm32cube.ide.mcu.externaltools.gnu-tools-for-stm32.10.3-2021.10.linux64_1.0.0.202111181127/tools/bin/../lib/gcc/arm-none-eabi/10.3.1/thumb/v7e-m+fp/hard/libgcc.a

.debug_info     0x0000000000000000     0x9a55
 .debug_info    0x0000000000000000     0x198e ./Core/Src/main.o
 .debug_info    0x000000000000198e     0x104f ./Core/Src/stm32f3xx_hal_msp.o
 .debug_info    0x00000000000029dd      0x122 ./Core/Src/stm32f3xx_it.o
 .debug_info    0x0000000000002aff      0x416 ./Core/Src/system_stm32f3xx.o
 .debug_info    0x0000000000002f15       0x22 ./Core/Startup/startup_stm32f303rbtx.o
 .debug_info    0x0000000000002f37      0x807 ./Drivers/STM32F3xx_HAL_Driver/Src/stm32f3xx_hal.o
 .debug_info    0x000000000000373e     0x16b2 ./Drivers/STM32F3xx_HAL_Driver/Src/stm32f3xx_hal_adc_ex.o
 .debug_info    0x0000000000004df0      0xfc3 ./Drivers/STM32F3xx_HAL_Driver/Src/stm32f3xx_hal_can.o
 .debug_info    0x0000000000005db3      0xd85 ./Drivers/STM32F3xx_HAL_Driver/Src/stm32f3xx_hal_cortex.o
 .debug_info    0x0000000000006b38      0x8a9 ./Drivers/STM32F3xx_HAL_Driver/Src/stm32f3xx_hal_dac.o
 .debug_info    0x00000000000073e1      0xa64 ./Drivers/STM32F3xx_HAL_Driver/Src/stm32f3xx_hal_dac_ex.o
 .debug_info    0x0000000000007e45      0x68a ./Drivers/STM32F3xx_HAL_Driver/Src/stm32f3xx_hal_gpio.o
 .debug_info    0x00000000000084cf     0x1586 ./Drivers/STM32F3xx_HAL_Driver/Src/stm32f3xx_hal_rcc.o

.debug_abbrev   0x0000000000000000     0x19a6
 .debug_abbrev  0x0000000000000000      0x38d ./Core/Src/main.o
 .debug_abbrev  0x000000000000038d      0x203 ./Core/Src/stm32f3xx_hal_msp.o
 .debug_abbrev  0x0000000000000590       0x74 ./Core/Src/stm32f3xx_it.o
 .debug_abbrev  0x0000000000000604      0x116 ./Core/Src/system_stm32f3xx.o
 .debug_abbrev  0x000000000000071a       0x12 ./Core/Startup/startup_stm32f303rbtx.o
 .debug_abbrev  0x000000000000072c      0x20e ./Drivers/STM32F3xx_HAL_Driver/Src/stm32f3xx_hal.o
 .debug_abbrev  0x000000000000093a      0x27a ./Drivers/STM32F3xx_HAL_Driver/Src/stm32f3xx_hal_adc_ex.o
 .debug_abbrev  0x0000000000000bb4      0x22e ./Drivers/STM32F3xx_HAL_Driver/Src/stm32f3xx_hal_can.o
 .debug_abbrev  0x0000000000000de2      0x316 ./Drivers/STM32F3xx_HAL_Driver/Src/stm32f3xx_hal_cortex.o
 .debug_abbrev  0x00000000000010f8      0x19d ./Drivers/STM32F3xx_HAL_Driver/Src/stm32f3xx_hal_dac.o
 .debug_abbrev  0x0000000000001295      0x24a ./Drivers/STM32F3xx_HAL_Driver/Src/stm32f3xx_hal_dac_ex.o
 .debug_abbrev  0x00000000000014df      0x1bb ./Drivers/STM32F3xx_HAL_Driver/Src/stm32f3xx_hal_gpio.o
 .debug_abbrev  0x000000000000169a      0x30c ./Drivers/STM32F3xx_HAL_Driver/Src/stm32f3xx_hal_rcc.o

.debug_aranges  0x0000000000000000      0x850
 .debug_aranges
                0x0000000000000000       0x78 ./Core/Src/main.o
 .debug_aranges
                0x0000000000000078       0x50 ./Core/Src/stm32f3xx_hal_msp.o
 .debug_aranges
                0x00000000000000c8       0x60 ./Core/Src/stm32f3xx_it.o
 .debug_aranges
                0x0000000000000128       0x28 ./Core/Src/system_stm32f3xx.o
 .debug_aranges
                0x0000000000000150       0x28 ./Core/Startup/startup_stm32f303rbtx.o
 .debug_aranges
                0x0000000000000178       0xe0 ./Drivers/STM32F3xx_HAL_Driver/Src/stm32f3xx_hal.o
 .debug_aranges
                0x0000000000000258      0x168 ./Drivers/STM32F3xx_HAL_Driver/Src/stm32f3xx_hal_adc_ex.o
 .debug_aranges
                0x00000000000003c0      0x138 ./Drivers/STM32F3xx_HAL_Driver/Src/stm32f3xx_hal_can.o
 .debug_aranges
                0x00000000000004f8      0x118 ./Drivers/STM32F3xx_HAL_Driver/Src/stm32f3xx_hal_cortex.o
 .debug_aranges
                0x0000000000000610       0xa8 ./Drivers/STM32F3xx_HAL_Driver/Src/stm32f3xx_hal_dac.o
 .debug_aranges
                0x00000000000006b8       0xb8 ./Drivers/STM32F3xx_HAL_Driver/Src/stm32f3xx_hal_dac_ex.o
 .debug_aranges
                0x0000000000000770       0x58 ./Drivers/STM32F3xx_HAL_Driver/Src/stm32f3xx_hal_gpio.o
 .debug_aranges
                0x00000000000007c8       0x88 ./Drivers/STM32F3xx_HAL_Driver/Src/stm32f3xx_hal_rcc.o

.debug_ranges   0x0000000000000000      0x7a0
 .debug_ranges  0x0000000000000000       0x80 ./Core/Src/main.o
 .debug_ranges  0x0000000000000080       0x40 ./Core/Src/stm32f3xx_hal_msp.o
 .debug_ranges  0x00000000000000c0       0x50 ./Core/Src/stm32f3xx_it.o
 .debug_ranges  0x0000000000000110       0x18 ./Core/Src/system_stm32f3xx.o
 .debug_ranges  0x0000000000000128       0x20 ./Core/Startup/startup_stm32f303rbtx.o
 .debug_ranges  0x0000000000000148       0xd0 ./Drivers/STM32F3xx_HAL_Driver/Src/stm32f3xx_hal.o
 .debug_ranges  0x0000000000000218      0x158 ./Drivers/STM32F3xx_HAL_Driver/Src/stm32f3xx_hal_adc_ex.o
 .debug_ranges  0x0000000000000370      0x128 ./Drivers/STM32F3xx_HAL_Driver/Src/stm32f3xx_hal_can.o
 .debug_ranges  0x0000000000000498      0x108 ./Drivers/STM32F3xx_HAL_Driver/Src/stm32f3xx_hal_cortex.o
 .debug_ranges  0x00000000000005a0       0x98 ./Drivers/STM32F3xx_HAL_Driver/Src/stm32f3xx_hal_dac.o
 .debug_ranges  0x0000000000000638       0xa8 ./Drivers/STM32F3xx_HAL_Driver/Src/stm32f3xx_hal_dac_ex.o
 .debug_ranges  0x00000000000006e0       0x48 ./Drivers/STM32F3xx_HAL_Driver/Src/stm32f3xx_hal_gpio.o
 .debug_ranges  0x0000000000000728       0x78 ./Drivers/STM32F3xx_HAL_Driver/Src/stm32f3xx_hal_rcc.o

.debug_macro    0x0000000000000000    0x1cfd7
 .debug_macro   0x0000000000000000      0x267 ./Core/Src/main.o
 .debug_macro   0x0000000000000267      0xa78 ./Core/Src/main.o
 .debug_macro   0x0000000000000cdf      0x15d ./Core/Src/main.o
 .debug_macro   0x0000000000000e3c       0x2e ./Core/Src/main.o
 .debug_macro   0x0000000000000e6a       0x28 ./Core/Src/main.o
 .debug_macro   0x0000000000000e92       0x22 ./Core/Src/main.o
 .debug_macro   0x0000000000000eb4       0x8e ./Core/Src/main.o
 .debug_macro   0x0000000000000f42       0x51 ./Core/Src/main.o
 .debug_macro   0x0000000000000f93      0x103 ./Core/Src/main.o
 .debug_macro   0x0000000000001096       0x6a ./Core/Src/main.o
 .debug_macro   0x0000000000001100      0x1df ./Core/Src/main.o
 .debug_macro   0x00000000000012df       0x1c ./Core/Src/main.o
 .debug_macro   0x00000000000012fb       0x22 ./Core/Src/main.o
 .debug_macro   0x000000000000131d       0xd9 ./Core/Src/main.o
 .debug_macro   0x00000000000013f6     0x102d ./Core/Src/main.o
 .debug_macro   0x0000000000002423      0x11f ./Core/Src/main.o
 .debug_macro   0x0000000000002542    0x12a3a ./Core/Src/main.o
 .debug_macro   0x0000000000014f7c       0x6d ./Core/Src/main.o
 .debug_macro   0x0000000000014fe9     0x3540 ./Core/Src/main.o
 .debug_macro   0x0000000000018529      0x174 ./Core/Src/main.o
 .debug_macro   0x000000000001869d       0x55 ./Core/Src/main.o
 .debug_macro   0x00000000000186f2      0x962 ./Core/Src/main.o
 .debug_macro   0x0000000000019054      0x5fe ./Core/Src/main.o
 .debug_macro   0x0000000000019652      0x1b6 ./Core/Src/main.o
 .debug_macro   0x0000000000019808      0x1fb ./Core/Src/main.o
 .debug_macro   0x0000000000019a03      0x1dc ./Core/Src/main.o
 .debug_macro   0x0000000000019bdf      0x1bc ./Core/Src/main.o
 .debug_macro   0x0000000000019d9b       0x30 ./Core/Src/main.o
 .debug_macro   0x0000000000019dcb       0x3c ./Core/Src/main.o
 .debug_macro   0x0000000000019e07      0x236 ./Core/Src/main.o
 .debug_macro   0x000000000001a03d      0x9b1 ./Core/Src/main.o
 .debug_macro   0x000000000001a9ee       0x77 ./Core/Src/main.o
 .debug_macro   0x000000000001aa65      0x408 ./Core/Src/main.o
 .debug_macro   0x000000000001ae6d      0x176 ./Core/Src/main.o
 .debug_macro   0x000000000001afe3       0x61 ./Core/Src/main.o
 .debug_macro   0x000000000001b044       0xc5 ./Core/Src/main.o
 .debug_macro   0x000000000001b109      0x21d ./Core/Src/main.o
 .debug_macro   0x000000000001b326      0x22c ./Core/Src/main.o
 .debug_macro   0x000000000001b552       0x5b ./Core/Src/main.o
 .debug_macro   0x000000000001b5ad       0xa5 ./Core/Src/main.o
 .debug_macro   0x000000000001b652       0x81 ./Core/Src/main.o
 .debug_macro   0x000000000001b6d3       0xd3 ./Core/Src/main.o
 .debug_macro   0x000000000001b7a6      0x275 ./Core/Src/main.o
 .debug_macro   0x000000000001ba1b       0x3a ./Core/Src/main.o
 .debug_macro   0x000000000001ba55      0x1f0 ./Core/Src/stm32f3xx_hal_msp.o
 .debug_macro   0x000000000001bc45      0x1fa ./Core/Src/stm32f3xx_it.o
 .debug_macro   0x000000000001be3f      0x1e6 ./Core/Src/system_stm32f3xx.o
 .debug_macro   0x000000000001c025      0x20a ./Drivers/STM32F3xx_HAL_Driver/Src/stm32f3xx_hal.o
 .debug_macro   0x000000000001c22f      0x210 ./Drivers/STM32F3xx_HAL_Driver/Src/stm32f3xx_hal_adc_ex.o
 .debug_macro   0x000000000001c43f      0x1ee ./Drivers/STM32F3xx_HAL_Driver/Src/stm32f3xx_hal_can.o
 .debug_macro   0x000000000001c62d      0x1e6 ./Drivers/STM32F3xx_HAL_Driver/Src/stm32f3xx_hal_cortex.o
 .debug_macro   0x000000000001c813      0x1e7 ./Drivers/STM32F3xx_HAL_Driver/Src/stm32f3xx_hal_dac.o
 .debug_macro   0x000000000001c9fa      0x1e6 ./Drivers/STM32F3xx_HAL_Driver/Src/stm32f3xx_hal_dac_ex.o
 .debug_macro   0x000000000001cbe0      0x1ed ./Drivers/STM32F3xx_HAL_Driver/Src/stm32f3xx_hal_gpio.o
 .debug_macro   0x000000000001cdcd      0x20a ./Drivers/STM32F3xx_HAL_Driver/Src/stm32f3xx_hal_rcc.o

.debug_line     0x0000000000000000     0xa28a
 .debug_line    0x0000000000000000      0xaf4 ./Core/Src/main.o
 .debug_line    0x0000000000000af4      0x802 ./Core/Src/stm32f3xx_hal_msp.o
 .debug_line    0x00000000000012f6      0x796 ./Core/Src/stm32f3xx_it.o
 .debug_line    0x0000000000001a8c      0x74a ./Core/Src/system_stm32f3xx.o
 .debug_line    0x00000000000021d6       0x88 ./Core/Startup/startup_stm32f303rbtx.o
 .debug_line    0x000000000000225e      0x97f ./Drivers/STM32F3xx_HAL_Driver/Src/stm32f3xx_hal.o
 .debug_line    0x0000000000002bdd     0x2700 ./Drivers/STM32F3xx_HAL_Driver/Src/stm32f3xx_hal_adc_ex.o
 .debug_line    0x00000000000052dd     0x111e ./Drivers/STM32F3xx_HAL_Driver/Src/stm32f3xx_hal_can.o
 .debug_line    0x00000000000063fb      0xc44 ./Drivers/STM32F3xx_HAL_Driver/Src/stm32f3xx_hal_cortex.o
 .debug_line    0x000000000000703f      0x8cb ./Drivers/STM32F3xx_HAL_Driver/Src/stm32f3xx_hal_dac.o
 .debug_line    0x000000000000790a      0xb43 ./Drivers/STM32F3xx_HAL_Driver/Src/stm32f3xx_hal_dac_ex.o
 .debug_line    0x000000000000844d      0xae0 ./Drivers/STM32F3xx_HAL_Driver/Src/stm32f3xx_hal_gpio.o
 .debug_line    0x0000000000008f2d     0x135d ./Drivers/STM32F3xx_HAL_Driver/Src/stm32f3xx_hal_rcc.o

.debug_str      0x0000000000000000    0xb1575
 .debug_str     0x0000000000000000    0xaf5df ./Core/Src/main.o
                                      0xafda9 (size before relaxing)
 .debug_str     0x00000000000af5df       0xc1 ./Core/Src/stm32f3xx_hal_msp.o
                                      0xaf366 (size before relaxing)
 .debug_str     0x00000000000af6a0       0xc9 ./Core/Src/stm32f3xx_it.o
                                      0xaeaed (size before relaxing)
 .debug_str     0x00000000000af769       0xdf ./Core/Src/system_stm32f3xx.o
                                      0xaeb7c (size before relaxing)
 .debug_str     0x00000000000af848       0x36 ./Core/Startup/startup_stm32f303rbtx.o
                                         0x6e (size before relaxing)
 .debug_str     0x00000000000af87e      0x6d8 ./Drivers/STM32F3xx_HAL_Driver/Src/stm32f3xx_hal.o
                                      0xaf3ba (size before relaxing)
 .debug_str     0x00000000000aff56      0x840 ./Drivers/STM32F3xx_HAL_Driver/Src/stm32f3xx_hal_adc_ex.o
                                      0xaf872 (size before relaxing)
 .debug_str     0x00000000000b0796      0x3b0 ./Drivers/STM32F3xx_HAL_Driver/Src/stm32f3xx_hal_can.o
                                      0xaf303 (size before relaxing)
 .debug_str     0x00000000000b0b46      0x34c ./Drivers/STM32F3xx_HAL_Driver/Src/stm32f3xx_hal_cortex.o
                                      0xaf40c (size before relaxing)
 .debug_str     0x00000000000b0e92      0x146 ./Drivers/STM32F3xx_HAL_Driver/Src/stm32f3xx_hal_dac.o
                                      0xaef80 (size before relaxing)
 .debug_str     0x00000000000b0fd8      0x1aa ./Drivers/STM32F3xx_HAL_Driver/Src/stm32f3xx_hal_dac_ex.o
                                      0xaf089 (size before relaxing)
 .debug_str     0x00000000000b1182      0x130 ./Drivers/STM32F3xx_HAL_Driver/Src/stm32f3xx_hal_gpio.o
                                      0xaece9 (size before relaxing)
 .debug_str     0x00000000000b12b2      0x2c3 ./Drivers/STM32F3xx_HAL_Driver/Src/stm32f3xx_hal_rcc.o
                                      0xaf01c (size before relaxing)

.comment        0x0000000000000000       0x50
 .comment       0x0000000000000000       0x50 ./Core/Src/main.o
                                         0x51 (size before relaxing)
 .comment       0x0000000000000050       0x51 ./Core/Src/stm32f3xx_hal_msp.o
 .comment       0x0000000000000050       0x51 ./Core/Src/stm32f3xx_it.o
 .comment       0x0000000000000050       0x51 ./Core/Src/system_stm32f3xx.o
 .comment       0x0000000000000050       0x51 ./Drivers/STM32F3xx_HAL_Driver/Src/stm32f3xx_hal.o
 .comment       0x0000000000000050       0x51 ./Drivers/STM32F3xx_HAL_Driver/Src/stm32f3xx_hal_adc_ex.o
 .comment       0x0000000000000050       0x51 ./Drivers/STM32F3xx_HAL_Driver/Src/stm32f3xx_hal_can.o
 .comment       0x0000000000000050       0x51 ./Drivers/STM32F3xx_HAL_Driver/Src/stm32f3xx_hal_cortex.o
 .comment       0x0000000000000050       0x51 ./Drivers/STM32F3xx_HAL_Driver/Src/stm32f3xx_hal_dac.o
 .comment       0x0000000000000050       0x51 ./Drivers/STM32F3xx_HAL_Driver/Src/stm32f3xx_hal_dac_ex.o
 .comment       0x0000000000000050       0x51 ./Drivers/STM32F3xx_HAL_Driver/Src/stm32f3xx_hal_gpio.o
 .comment       0x0000000000000050       0x51 ./Drivers/STM32F3xx_HAL_Driver/Src/stm32f3xx_hal_rcc.o

.debug_frame    0x0000000000000000     0x2150
 .debug_frame   0x0000000000000000      0x1a4 ./Core/Src/main.o
 .debug_frame   0x00000000000001a4      0x110 ./Core/Src/stm32f3xx_hal_msp.o
 .debug_frame   0x00000000000002b4      0x104 ./Core/Src/stm32f3xx_it.o
 .debug_frame   0x00000000000003b8       0x58 ./Core/Src/system_stm32f3xx.o
 .debug_frame   0x0000000000000410      0x334 ./Drivers/STM32F3xx_HAL_Driver/Src/stm32f3xx_hal.o
 .debug_frame   0x0000000000000744      0x644 ./Drivers/STM32F3xx_HAL_Driver/Src/stm32f3xx_hal_adc_ex.o
 .debug_frame   0x0000000000000d88      0x5a0 ./Drivers/STM32F3xx_HAL_Driver/Src/stm32f3xx_hal_can.o
 .debug_frame   0x0000000000001328      0x498 ./Drivers/STM32F3xx_HAL_Driver/Src/stm32f3xx_hal_cortex.o
 .debug_frame   0x00000000000017c0      0x2d4 ./Drivers/STM32F3xx_HAL_Driver/Src/stm32f3xx_hal_dac.o
 .debug_frame   0x0000000000001a94      0x310 ./Drivers/STM32F3xx_HAL_Driver/Src/stm32f3xx_hal_dac_ex.o
 .debug_frame   0x0000000000001da4      0x14c ./Drivers/STM32F3xx_HAL_Driver/Src/stm32f3xx_hal_gpio.o
 .debug_frame   0x0000000000001ef0      0x214 ./Drivers/STM32F3xx_HAL_Driver/Src/stm32f3xx_hal_rcc.o
 .debug_frame   0x0000000000002104       0x2c /opt/st/stm32cubeide_1.9.0/plugins/com.st.stm32cube.ide.mcu.externaltools.gnu-tools-for-stm32.10.3-2021.10.linux64_1.0.0.202111181127/tools/bin/../lib/gcc/arm-none-eabi/10.3.1/../../../../arm-none-eabi/lib/thumb/v7e-m+fp/hard/libc_nano.a(lib_a-init.o)
 .debug_frame   0x0000000000002130       0x20 /opt/st/stm32cubeide_1.9.0/plugins/com.st.stm32cube.ide.mcu.externaltools.gnu-tools-for-stm32.10.3-2021.10.linux64_1.0.0.202111181127/tools/bin/../lib/gcc/arm-none-eabi/10.3.1/../../../../arm-none-eabi/lib/thumb/v7e-m+fp/hard/libc_nano.a(lib_a-memset.o)
