../Core/Src/crc.h:1:9:crc_checksum	40	static
../Core/Src/main.c:116:5:main	24	static
../Core/Src/main.c:212:6:SystemClock_Config	72	static
../Core/Src/main.c:252:13:MX_ADC1_Init	48	static
../Core/Src/main.c:318:13:MX_ADC2_Init	32	static
../Core/Src/main.c:375:13:MX_CAN_Init	8	static
../Core/Src/main.c:421:13:MX_DAC_Init	24	static
../Core/Src/main.c:468:13:MX_GPIO_Init	48	static
../Core/Src/main.c:499:10:sendCAN	48	static
../Core/Src/main.c:525:6:CAN_RX_Interrupt	64	static
../Core/Src/main.c:562:6:readCAN	8	static
../Core/Src/main.c:585:6:Error_Handler	4	static,ignoring_inline_asm
